  Determining projects to restore...
  All projects are up-to-date for restore.
  ShoppingApp -> C:\Users\hp\OneDrive\Desktop\project\ShoppingApp\bin\Debug\net8.0\ShoppingApp.dll

Build succeeded.
    0 Warning(s)
    0 Error(s)

Time Elapsed 00:00:07.90
